// Jest Snapshot v1, https://goo.gl/fbAQLP

exports[`OfferList renders correctly 1`] = `
<div
  className=" places__list"
>
  <OfferCard
    key="1"
    listIndex={0}
    offer={
      Object {
        "bedrooms": 5,
        "city": Object {
          "location": Object {
            "latitude": 52.37454,
            "longitude": 4.897976,
            "zoom": 13,
          },
          "name": "Amsterdam",
        },
        "description": "Discover daily local life in city center, friendly neighborhood, clandestine casino, karaoke, old-style artisans, art gallery and artist studio downstairs.",
        "goods": Array [
          "Laptop friendly workspace",
          "Washer",
          "Air conditioning",
          "Breakfast",
          "Towels",
          "Baby seat",
        ],
        "host": Object {
          "avatarUrl": "img/avatar-angelina.jpg",
          "id": 25,
          "isPro": true,
          "name": "Angelina",
        },
        "id": 1,
        "images": Array [
          "https://htmlacademy-react-2.appspot.com/six-cities/static/hotel/3.jpg",
          "https://htmlacademy-react-2.appspot.com/six-cities/static/hotel/1.jpg",
          "https://htmlacademy-react-2.appspot.com/six-cities/static/hotel/9.jpg",
          "https://htmlacademy-react-2.appspot.com/six-cities/static/hotel/19.jpg",
          "https://htmlacademy-react-2.appspot.com/six-cities/static/hotel/4.jpg",
          "https://htmlacademy-react-2.appspot.com/six-cities/static/hotel/10.jpg",
          "https://htmlacademy-react-2.appspot.com/six-cities/static/hotel/6.jpg",
          "https://htmlacademy-react-2.appspot.com/six-cities/static/hotel/15.jpg",
          "https://htmlacademy-react-2.appspot.com/six-cities/static/hotel/12.jpg",
          "https://htmlacademy-react-2.appspot.com/six-cities/static/hotel/7.jpg",
          "https://htmlacademy-react-2.appspot.com/six-cities/static/hotel/2.jpg",
          "https://htmlacademy-react-2.appspot.com/six-cities/static/hotel/16.jpg",
          "https://htmlacademy-react-2.appspot.com/six-cities/static/hotel/14.jpg",
          "https://htmlacademy-react-2.appspot.com/six-cities/static/hotel/5.jpg",
        ],
        "isFavorite": false,
        "isPremium": false,
        "location": Object {
          "latitude": 52.37854,
          "longitude": 4.894976,
          "zoom": 16,
        },
        "maxAdults": 7,
        "previewImage": "https://htmlacademy-react-2.appspot.com/six-cities/static/hotel/19.jpg",
        "price": 656,
        "rating": 4.2,
        "title": "House in countryside",
        "type": "house",
      }
    }
    onAddFavorite={[Function]}
    onCardHoverIn={[Function]}
    onCardHoverOut={[Function]}
  />
  <OfferCard
    key="4"
    listIndex={1}
    offer={
      Object {
        "bedrooms": 1,
        "city": Object {
          "location": Object {
            "latitude": 52.37454,
            "longitude": 4.897976,
            "zoom": 13,
          },
          "name": "Amsterdam",
        },
        "description": "A new spacious villa, one floor. All commodities, jacuzzi and beautiful scenery. Ideal for families or friends.",
        "goods": Array [
          "Washer",
          "Towels",
          "Dishwasher",
          "Laptop friendly workspace",
          "Fridge",
          "Air conditioning",
          "Breakfast",
          "Baby seat",
        ],
        "host": Object {
          "avatarUrl": "img/avatar-angelina.jpg",
          "id": 25,
          "isPro": true,
          "name": "Angelina",
        },
        "id": 4,
        "images": Array [
          "https://htmlacademy-react-2.appspot.com/six-cities/static/hotel/12.jpg",
          "https://htmlacademy-react-2.appspot.com/six-cities/static/hotel/17.jpg",
          "https://htmlacademy-react-2.appspot.com/six-cities/static/hotel/15.jpg",
          "https://htmlacademy-react-2.appspot.com/six-cities/static/hotel/10.jpg",
          "https://htmlacademy-react-2.appspot.com/six-cities/static/hotel/4.jpg",
          "https://htmlacademy-react-2.appspot.com/six-cities/static/hotel/13.jpg",
          "https://htmlacademy-react-2.appspot.com/six-cities/static/hotel/2.jpg",
          "https://htmlacademy-react-2.appspot.com/six-cities/static/hotel/1.jpg",
          "https://htmlacademy-react-2.appspot.com/six-cities/static/hotel/6.jpg",
          "https://htmlacademy-react-2.appspot.com/six-cities/static/hotel/5.jpg",
          "https://htmlacademy-react-2.appspot.com/six-cities/static/hotel/7.jpg",
          "https://htmlacademy-react-2.appspot.com/six-cities/static/hotel/20.jpg",
          "https://htmlacademy-react-2.appspot.com/six-cities/static/hotel/14.jpg",
          "https://htmlacademy-react-2.appspot.com/six-cities/static/hotel/9.jpg",
        ],
        "isFavorite": false,
        "isPremium": false,
        "location": Object {
          "latitude": 52.35054,
          "longitude": 4.908976,
          "zoom": 16,
        },
        "maxAdults": 8,
        "previewImage": "https://htmlacademy-react-2.appspot.com/six-cities/static/hotel/10.jpg",
        "price": 258,
        "rating": 3.3,
        "title": "The house among olive ",
        "type": "hotel",
      }
    }
    onAddFavorite={[Function]}
    onCardHoverIn={[Function]}
    onCardHoverOut={[Function]}
  />
  <OfferCard
    key="5"
    listIndex={2}
    offer={
      Object {
        "bedrooms": 2,
        "city": Object {
          "location": Object {
            "latitude": 52.37454,
            "longitude": 4.897976,
            "zoom": 13,
          },
          "name": "Amsterdam",
        },
        "description": "Relax, rejuvenate and unplug in this ultimate rustic getaway experience in the country. In our beautiful screened Pondhouse, you can gaze at the stars and listen to the sounds of nature from your cozy warm bed.",
        "goods": Array [
          "Laptop friendly workspace",
          "Breakfast",
          "Washer",
        ],
        "host": Object {
          "avatarUrl": "img/avatar-angelina.jpg",
          "id": 25,
          "isPro": true,
          "name": "Angelina",
        },
        "id": 5,
        "images": Array [
          "https://htmlacademy-react-2.appspot.com/six-cities/static/hotel/16.jpg",
          "https://htmlacademy-react-2.appspot.com/six-cities/static/hotel/1.jpg",
          "https://htmlacademy-react-2.appspot.com/six-cities/static/hotel/12.jpg",
          "https://htmlacademy-react-2.appspot.com/six-cities/static/hotel/7.jpg",
          "https://htmlacademy-react-2.appspot.com/six-cities/static/hotel/3.jpg",
          "https://htmlacademy-react-2.appspot.com/six-cities/static/hotel/18.jpg",
          "https://htmlacademy-react-2.appspot.com/six-cities/static/hotel/10.jpg",
          "https://htmlacademy-react-2.appspot.com/six-cities/static/hotel/5.jpg",
          "https://htmlacademy-react-2.appspot.com/six-cities/static/hotel/20.jpg",
          "https://htmlacademy-react-2.appspot.com/six-cities/static/hotel/4.jpg",
          "https://htmlacademy-react-2.appspot.com/six-cities/static/hotel/19.jpg",
          "https://htmlacademy-react-2.appspot.com/six-cities/static/hotel/13.jpg",
          "https://htmlacademy-react-2.appspot.com/six-cities/static/hotel/15.jpg",
          "https://htmlacademy-react-2.appspot.com/six-cities/static/hotel/14.jpg",
        ],
        "isFavorite": false,
        "isPremium": false,
        "location": Object {
          "latitude": 52.35754,
          "longitude": 4.9179759999999995,
          "zoom": 16,
        },
        "maxAdults": 4,
        "previewImage": "https://htmlacademy-react-2.appspot.com/six-cities/static/hotel/17.jpg",
        "price": 399,
        "rating": 4.4,
        "title": "Wood and stone place",
        "type": "apartment",
      }
    }
    onAddFavorite={[Function]}
    onCardHoverIn={[Function]}
    onCardHoverOut={[Function]}
  />
  <OfferCard
    key="9"
    listIndex={3}
    offer={
      Object {
        "bedrooms": 2,
        "city": Object {
          "location": Object {
            "latitude": 52.37454,
            "longitude": 4.897976,
            "zoom": 13,
          },
          "name": "Amsterdam",
        },
        "description": "A new spacious villa, one floor. All commodities, jacuzzi and beautiful scenery. Ideal for families or friends.",
        "goods": Array [
          "Washer",
          "Laptop friendly workspace",
          "Coffee machine",
          "Air conditioning",
          "Washing machine",
          "Cable TV",
          "Breakfast",
          "Dishwasher",
          "Baby seat",
          "Fridge",
          "Towels",
        ],
        "host": Object {
          "avatarUrl": "img/avatar-angelina.jpg",
          "id": 25,
          "isPro": true,
          "name": "Angelina",
        },
        "id": 9,
        "images": Array [
          "https://htmlacademy-react-2.appspot.com/six-cities/static/hotel/2.jpg",
          "https://htmlacademy-react-2.appspot.com/six-cities/static/hotel/1.jpg",
          "https://htmlacademy-react-2.appspot.com/six-cities/static/hotel/14.jpg",
          "https://htmlacademy-react-2.appspot.com/six-cities/static/hotel/6.jpg",
          "https://htmlacademy-react-2.appspot.com/six-cities/static/hotel/12.jpg",
          "https://htmlacademy-react-2.appspot.com/six-cities/static/hotel/19.jpg",
          "https://htmlacademy-react-2.appspot.com/six-cities/static/hotel/10.jpg",
          "https://htmlacademy-react-2.appspot.com/six-cities/static/hotel/3.jpg",
          "https://htmlacademy-react-2.appspot.com/six-cities/static/hotel/17.jpg",
          "https://htmlacademy-react-2.appspot.com/six-cities/static/hotel/15.jpg",
          "https://htmlacademy-react-2.appspot.com/six-cities/static/hotel/18.jpg",
          "https://htmlacademy-react-2.appspot.com/six-cities/static/hotel/7.jpg",
          "https://htmlacademy-react-2.appspot.com/six-cities/static/hotel/9.jpg",
          "https://htmlacademy-react-2.appspot.com/six-cities/static/hotel/8.jpg",
        ],
        "isFavorite": false,
        "isPremium": false,
        "location": Object {
          "latitude": 52.389540000000004,
          "longitude": 4.883976,
          "zoom": 16,
        },
        "maxAdults": 5,
        "previewImage": "https://htmlacademy-react-2.appspot.com/six-cities/static/hotel/12.jpg",
        "price": 566,
        "rating": 3.3,
        "title": "Waterfront with extraordinary view",
        "type": "house",
      }
    }
    onAddFavorite={[Function]}
    onCardHoverIn={[Function]}
    onCardHoverOut={[Function]}
  />
  <OfferCard
    key="17"
    listIndex={4}
    offer={
      Object {
        "bedrooms": 1,
        "city": Object {
          "location": Object {
            "latitude": 52.37454,
            "longitude": 4.897976,
            "zoom": 13,
          },
          "name": "Amsterdam",
        },
        "description": "I am happy to welcome you to my apartment in the city center! Three words: location, cosy and chic!",
        "goods": Array [
          "Washing machine",
          "Air conditioning",
          "Dishwasher",
          "Towels",
          "Laptop friendly workspace",
          "Washer",
          "Baby seat",
          "Fridge",
          "Breakfast",
          "Coffee machine",
        ],
        "host": Object {
          "avatarUrl": "img/avatar-angelina.jpg",
          "id": 25,
          "isPro": true,
          "name": "Angelina",
        },
        "id": 17,
        "images": Array [
          "https://htmlacademy-react-2.appspot.com/six-cities/static/hotel/6.jpg",
          "https://htmlacademy-react-2.appspot.com/six-cities/static/hotel/18.jpg",
          "https://htmlacademy-react-2.appspot.com/six-cities/static/hotel/8.jpg",
          "https://htmlacademy-react-2.appspot.com/six-cities/static/hotel/7.jpg",
          "https://htmlacademy-react-2.appspot.com/six-cities/static/hotel/12.jpg",
          "https://htmlacademy-react-2.appspot.com/six-cities/static/hotel/19.jpg",
          "https://htmlacademy-react-2.appspot.com/six-cities/static/hotel/1.jpg",
          "https://htmlacademy-react-2.appspot.com/six-cities/static/hotel/16.jpg",
          "https://htmlacademy-react-2.appspot.com/six-cities/static/hotel/15.jpg",
          "https://htmlacademy-react-2.appspot.com/six-cities/static/hotel/5.jpg",
          "https://htmlacademy-react-2.appspot.com/six-cities/static/hotel/10.jpg",
          "https://htmlacademy-react-2.appspot.com/six-cities/static/hotel/17.jpg",
          "https://htmlacademy-react-2.appspot.com/six-cities/static/hotel/13.jpg",
          "https://htmlacademy-react-2.appspot.com/six-cities/static/hotel/4.jpg",
        ],
        "isFavorite": false,
        "isPremium": false,
        "location": Object {
          "latitude": 52.36354,
          "longitude": 4.889976,
          "zoom": 16,
        },
        "maxAdults": 1,
        "previewImage": "https://htmlacademy-react-2.appspot.com/six-cities/static/hotel/17.jpg",
        "price": 214,
        "rating": 2.4,
        "title": "Canal View Prinsengracht",
        "type": "room",
      }
    }
    onAddFavorite={[Function]}
    onCardHoverIn={[Function]}
    onCardHoverOut={[Function]}
  />
  <OfferCard
    key="18"
    listIndex={5}
    offer={
      Object {
        "bedrooms": 4,
        "city": Object {
          "location": Object {
            "latitude": 52.37454,
            "longitude": 4.897976,
            "zoom": 13,
          },
          "name": "Amsterdam",
        },
        "description": "I rent out a very sunny and bright apartment only 7 minutes walking distance to the metro station. The apartment has a spacious living room with a kitchen, one bedroom and a bathroom with mit bath. A terrace can be used in summer.",
        "goods": Array [
          "Breakfast",
          "Laptop friendly workspace",
        ],
        "host": Object {
          "avatarUrl": "img/avatar-angelina.jpg",
          "id": 25,
          "isPro": true,
          "name": "Angelina",
        },
        "id": 18,
        "images": Array [
          "https://htmlacademy-react-2.appspot.com/six-cities/static/hotel/3.jpg",
          "https://htmlacademy-react-2.appspot.com/six-cities/static/hotel/12.jpg",
          "https://htmlacademy-react-2.appspot.com/six-cities/static/hotel/16.jpg",
          "https://htmlacademy-react-2.appspot.com/six-cities/static/hotel/18.jpg",
          "https://htmlacademy-react-2.appspot.com/six-cities/static/hotel/9.jpg",
          "https://htmlacademy-react-2.appspot.com/six-cities/static/hotel/8.jpg",
          "https://htmlacademy-react-2.appspot.com/six-cities/static/hotel/20.jpg",
          "https://htmlacademy-react-2.appspot.com/six-cities/static/hotel/5.jpg",
          "https://htmlacademy-react-2.appspot.com/six-cities/static/hotel/17.jpg",
          "https://htmlacademy-react-2.appspot.com/six-cities/static/hotel/14.jpg",
          "https://htmlacademy-react-2.appspot.com/six-cities/static/hotel/7.jpg",
          "https://htmlacademy-react-2.appspot.com/six-cities/static/hotel/2.jpg",
          "https://htmlacademy-react-2.appspot.com/six-cities/static/hotel/10.jpg",
          "https://htmlacademy-react-2.appspot.com/six-cities/static/hotel/19.jpg",
        ],
        "isFavorite": false,
        "isPremium": false,
        "location": Object {
          "latitude": 52.37454,
          "longitude": 4.881976,
          "zoom": 16,
        },
        "maxAdults": 8,
        "previewImage": "https://htmlacademy-react-2.appspot.com/six-cities/static/hotel/11.jpg",
        "price": 262,
        "rating": 4.7,
        "title": "Canal View Prinsengracht",
        "type": "house",
      }
    }
    onAddFavorite={[Function]}
    onCardHoverIn={[Function]}
    onCardHoverOut={[Function]}
  />
  <OfferCard
    key="30"
    listIndex={6}
    offer={
      Object {
        "bedrooms": 5,
        "city": Object {
          "location": Object {
            "latitude": 52.37454,
            "longitude": 4.897976,
            "zoom": 13,
          },
          "name": "Amsterdam",
        },
        "description": "I am happy to welcome you to my apartment in the city center! Three words: location, cosy and chic!",
        "goods": Array [
          "Breakfast",
          "Laptop friendly workspace",
          "Washer",
        ],
        "host": Object {
          "avatarUrl": "img/avatar-angelina.jpg",
          "id": 25,
          "isPro": true,
          "name": "Angelina",
        },
        "id": 30,
        "images": Array [
          "https://htmlacademy-react-2.appspot.com/six-cities/static/hotel/12.jpg",
          "https://htmlacademy-react-2.appspot.com/six-cities/static/hotel/4.jpg",
          "https://htmlacademy-react-2.appspot.com/six-cities/static/hotel/14.jpg",
          "https://htmlacademy-react-2.appspot.com/six-cities/static/hotel/1.jpg",
          "https://htmlacademy-react-2.appspot.com/six-cities/static/hotel/11.jpg",
          "https://htmlacademy-react-2.appspot.com/six-cities/static/hotel/3.jpg",
          "https://htmlacademy-react-2.appspot.com/six-cities/static/hotel/7.jpg",
          "https://htmlacademy-react-2.appspot.com/six-cities/static/hotel/20.jpg",
          "https://htmlacademy-react-2.appspot.com/six-cities/static/hotel/17.jpg",
          "https://htmlacademy-react-2.appspot.com/six-cities/static/hotel/9.jpg",
          "https://htmlacademy-react-2.appspot.com/six-cities/static/hotel/2.jpg",
          "https://htmlacademy-react-2.appspot.com/six-cities/static/hotel/10.jpg",
          "https://htmlacademy-react-2.appspot.com/six-cities/static/hotel/15.jpg",
          "https://htmlacademy-react-2.appspot.com/six-cities/static/hotel/5.jpg",
        ],
        "isFavorite": false,
        "isPremium": false,
        "location": Object {
          "latitude": 52.37554,
          "longitude": 4.9019759999999994,
          "zoom": 16,
        },
        "maxAdults": 7,
        "previewImage": "https://htmlacademy-react-2.appspot.com/six-cities/static/hotel/14.jpg",
        "price": 873,
        "rating": 4.3,
        "title": "House in countryside",
        "type": "house",
      }
    }
    onAddFavorite={[Function]}
    onCardHoverIn={[Function]}
    onCardHoverOut={[Function]}
  />
  <OfferCard
    key="39"
    listIndex={7}
    offer={
      Object {
        "bedrooms": 1,
        "city": Object {
          "location": Object {
            "latitude": 52.37454,
            "longitude": 4.897976,
            "zoom": 13,
          },
          "name": "Amsterdam",
        },
        "description": "Peaceful studio in the most wanted area in town. Quiet house Near of everything. Completely renovated. Lovely neighbourhood, lot of trendy shops, restaurants and bars in a walking distance.",
        "goods": Array [
          "Washer",
          "Laptop friendly workspace",
          "Breakfast",
          "Baby seat",
          "Coffee machine",
          "Air conditioning",
          "Towels",
          "Fridge",
          "Dishwasher",
        ],
        "host": Object {
          "avatarUrl": "img/avatar-angelina.jpg",
          "id": 25,
          "isPro": true,
          "name": "Angelina",
        },
        "id": 39,
        "images": Array [
          "https://htmlacademy-react-2.appspot.com/six-cities/static/hotel/7.jpg",
          "https://htmlacademy-react-2.appspot.com/six-cities/static/hotel/6.jpg",
          "https://htmlacademy-react-2.appspot.com/six-cities/static/hotel/8.jpg",
          "https://htmlacademy-react-2.appspot.com/six-cities/static/hotel/17.jpg",
          "https://htmlacademy-react-2.appspot.com/six-cities/static/hotel/2.jpg",
          "https://htmlacademy-react-2.appspot.com/six-cities/static/hotel/16.jpg",
          "https://htmlacademy-react-2.appspot.com/six-cities/static/hotel/13.jpg",
          "https://htmlacademy-react-2.appspot.com/six-cities/static/hotel/10.jpg",
          "https://htmlacademy-react-2.appspot.com/six-cities/static/hotel/11.jpg",
          "https://htmlacademy-react-2.appspot.com/six-cities/static/hotel/19.jpg",
          "https://htmlacademy-react-2.appspot.com/six-cities/static/hotel/20.jpg",
          "https://htmlacademy-react-2.appspot.com/six-cities/static/hotel/3.jpg",
          "https://htmlacademy-react-2.appspot.com/six-cities/static/hotel/14.jpg",
          "https://htmlacademy-react-2.appspot.com/six-cities/static/hotel/18.jpg",
        ],
        "isFavorite": false,
        "isPremium": false,
        "location": Object {
          "latitude": 52.361540000000005,
          "longitude": 4.883976,
          "zoom": 16,
        },
        "maxAdults": 3,
        "previewImage": "https://htmlacademy-react-2.appspot.com/six-cities/static/hotel/7.jpg",
        "price": 151,
        "rating": 3.7,
        "title": "Waterfront with extraordinary view",
        "type": "room",
      }
    }
    onAddFavorite={[Function]}
    onCardHoverIn={[Function]}
    onCardHoverOut={[Function]}
  />
  <OfferCard
    key="41"
    listIndex={8}
    offer={
      Object {
        "bedrooms": 1,
        "city": Object {
          "location": Object {
            "latitude": 52.37454,
            "longitude": 4.897976,
            "zoom": 13,
          },
          "name": "Amsterdam",
        },
        "description": "Relax, rejuvenate and unplug in this ultimate rustic getaway experience in the country. In our beautiful screened Pondhouse, you can gaze at the stars and listen to the sounds of nature from your cozy warm bed.",
        "goods": Array [
          "Baby seat",
          "Breakfast",
          "Washer",
          "Fridge",
          "Air conditioning",
          "Laptop friendly workspace",
          "Towels",
        ],
        "host": Object {
          "avatarUrl": "img/avatar-angelina.jpg",
          "id": 25,
          "isPro": true,
          "name": "Angelina",
        },
        "id": 41,
        "images": Array [
          "https://htmlacademy-react-2.appspot.com/six-cities/static/hotel/20.jpg",
          "https://htmlacademy-react-2.appspot.com/six-cities/static/hotel/8.jpg",
          "https://htmlacademy-react-2.appspot.com/six-cities/static/hotel/4.jpg",
          "https://htmlacademy-react-2.appspot.com/six-cities/static/hotel/11.jpg",
          "https://htmlacademy-react-2.appspot.com/six-cities/static/hotel/5.jpg",
          "https://htmlacademy-react-2.appspot.com/six-cities/static/hotel/3.jpg",
          "https://htmlacademy-react-2.appspot.com/six-cities/static/hotel/9.jpg",
          "https://htmlacademy-react-2.appspot.com/six-cities/static/hotel/14.jpg",
          "https://htmlacademy-react-2.appspot.com/six-cities/static/hotel/6.jpg",
          "https://htmlacademy-react-2.appspot.com/six-cities/static/hotel/16.jpg",
          "https://htmlacademy-react-2.appspot.com/six-cities/static/hotel/7.jpg",
          "https://htmlacademy-react-2.appspot.com/six-cities/static/hotel/17.jpg",
          "https://htmlacademy-react-2.appspot.com/six-cities/static/hotel/12.jpg",
          "https://htmlacademy-react-2.appspot.com/six-cities/static/hotel/18.jpg",
        ],
        "isFavorite": false,
        "isPremium": false,
        "location": Object {
          "latitude": 52.388540000000006,
          "longitude": 4.899976,
          "zoom": 16,
        },
        "maxAdults": 2,
        "previewImage": "https://htmlacademy-react-2.appspot.com/six-cities/static/hotel/18.jpg",
        "price": 288,
        "rating": 4.3,
        "title": "Wood and stone place",
        "type": "room",
      }
    }
    onAddFavorite={[Function]}
    onCardHoverIn={[Function]}
    onCardHoverOut={[Function]}
  />
  <OfferCard
    key="44"
    listIndex={9}
    offer={
      Object {
        "bedrooms": 4,
        "city": Object {
          "location": Object {
            "latitude": 52.37454,
            "longitude": 4.897976,
            "zoom": 13,
          },
          "name": "Amsterdam",
        },
        "description": "Discover daily local life in city center, friendly neighborhood, clandestine casino, karaoke, old-style artisans, art gallery and artist studio downstairs.",
        "goods": Array [
          "Baby seat",
          "Dishwasher",
          "Breakfast",
          "Fridge",
          "Washer",
          "Towels",
          "Air conditioning",
          "Laptop friendly workspace",
          "Coffee machine",
        ],
        "host": Object {
          "avatarUrl": "img/avatar-angelina.jpg",
          "id": 25,
          "isPro": true,
          "name": "Angelina",
        },
        "id": 44,
        "images": Array [
          "https://htmlacademy-react-2.appspot.com/six-cities/static/hotel/15.jpg",
          "https://htmlacademy-react-2.appspot.com/six-cities/static/hotel/6.jpg",
          "https://htmlacademy-react-2.appspot.com/six-cities/static/hotel/17.jpg",
          "https://htmlacademy-react-2.appspot.com/six-cities/static/hotel/1.jpg",
          "https://htmlacademy-react-2.appspot.com/six-cities/static/hotel/7.jpg",
          "https://htmlacademy-react-2.appspot.com/six-cities/static/hotel/2.jpg",
          "https://htmlacademy-react-2.appspot.com/six-cities/static/hotel/20.jpg",
          "https://htmlacademy-react-2.appspot.com/six-cities/static/hotel/5.jpg",
          "https://htmlacademy-react-2.appspot.com/six-cities/static/hotel/9.jpg",
          "https://htmlacademy-react-2.appspot.com/six-cities/static/hotel/8.jpg",
          "https://htmlacademy-react-2.appspot.com/six-cities/static/hotel/3.jpg",
          "https://htmlacademy-react-2.appspot.com/six-cities/static/hotel/19.jpg",
          "https://htmlacademy-react-2.appspot.com/six-cities/static/hotel/4.jpg",
          "https://htmlacademy-react-2.appspot.com/six-cities/static/hotel/10.jpg",
        ],
        "isFavorite": false,
        "isPremium": false,
        "location": Object {
          "latitude": 52.364540000000005,
          "longitude": 4.9019759999999994,
          "zoom": 16,
        },
        "maxAdults": 10,
        "previewImage": "https://htmlacademy-react-2.appspot.com/six-cities/static/hotel/17.jpg",
        "price": 103,
        "rating": 4.5,
        "title": "House in countryside",
        "type": "house",
      }
    }
    onAddFavorite={[Function]}
    onCardHoverIn={[Function]}
    onCardHoverOut={[Function]}
  />
  <OfferCard
    key="45"
    listIndex={10}
    offer={
      Object {
        "bedrooms": 2,
        "city": Object {
          "location": Object {
            "latitude": 52.37454,
            "longitude": 4.897976,
            "zoom": 13,
          },
          "name": "Amsterdam",
        },
        "description": "Relax, rejuvenate and unplug in this ultimate rustic getaway experience in the country. In our beautiful screened Pondhouse, you can gaze at the stars and listen to the sounds of nature from your cozy warm bed.",
        "goods": Array [
          "Laptop friendly workspace",
          "Towels",
          "Washer",
          "Baby seat",
          "Air conditioning",
          "Breakfast",
        ],
        "host": Object {
          "avatarUrl": "img/avatar-angelina.jpg",
          "id": 25,
          "isPro": true,
          "name": "Angelina",
        },
        "id": 45,
        "images": Array [
          "https://htmlacademy-react-2.appspot.com/six-cities/static/hotel/5.jpg",
          "https://htmlacademy-react-2.appspot.com/six-cities/static/hotel/4.jpg",
          "https://htmlacademy-react-2.appspot.com/six-cities/static/hotel/12.jpg",
          "https://htmlacademy-react-2.appspot.com/six-cities/static/hotel/20.jpg",
          "https://htmlacademy-react-2.appspot.com/six-cities/static/hotel/1.jpg",
          "https://htmlacademy-react-2.appspot.com/six-cities/static/hotel/7.jpg",
          "https://htmlacademy-react-2.appspot.com/six-cities/static/hotel/3.jpg",
          "https://htmlacademy-react-2.appspot.com/six-cities/static/hotel/15.jpg",
          "https://htmlacademy-react-2.appspot.com/six-cities/static/hotel/6.jpg",
          "https://htmlacademy-react-2.appspot.com/six-cities/static/hotel/8.jpg",
          "https://htmlacademy-react-2.appspot.com/six-cities/static/hotel/11.jpg",
          "https://htmlacademy-react-2.appspot.com/six-cities/static/hotel/2.jpg",
          "https://htmlacademy-react-2.appspot.com/six-cities/static/hotel/14.jpg",
          "https://htmlacademy-react-2.appspot.com/six-cities/static/hotel/18.jpg",
        ],
        "isFavorite": false,
        "isPremium": false,
        "location": Object {
          "latitude": 52.397540000000006,
          "longitude": 4.9099759999999995,
          "zoom": 16,
        },
        "maxAdults": 3,
        "previewImage": "https://htmlacademy-react-2.appspot.com/six-cities/static/hotel/14.jpg",
        "price": 363,
        "rating": 4.7,
        "title": "Wood and stone place",
        "type": "apartment",
      }
    }
    onAddFavorite={[Function]}
    onCardHoverIn={[Function]}
    onCardHoverOut={[Function]}
  />
  <OfferCard
    key="51"
    listIndex={11}
    offer={
      Object {
        "bedrooms": 1,
        "city": Object {
          "location": Object {
            "latitude": 52.37454,
            "longitude": 4.897976,
            "zoom": 13,
          },
          "name": "Amsterdam",
        },
        "description": "Discover daily local life in city center, friendly neighborhood, clandestine casino, karaoke, old-style artisans, art gallery and artist studio downstairs.",
        "goods": Array [
          "Breakfast",
          "Washer",
          "Dishwasher",
          "Laptop friendly workspace",
          "Towels",
          "Fridge",
          "Baby seat",
          "Air conditioning",
        ],
        "host": Object {
          "avatarUrl": "img/avatar-angelina.jpg",
          "id": 25,
          "isPro": true,
          "name": "Angelina",
        },
        "id": 51,
        "images": Array [
          "https://htmlacademy-react-2.appspot.com/six-cities/static/hotel/13.jpg",
          "https://htmlacademy-react-2.appspot.com/six-cities/static/hotel/10.jpg",
          "https://htmlacademy-react-2.appspot.com/six-cities/static/hotel/11.jpg",
          "https://htmlacademy-react-2.appspot.com/six-cities/static/hotel/14.jpg",
          "https://htmlacademy-react-2.appspot.com/six-cities/static/hotel/6.jpg",
          "https://htmlacademy-react-2.appspot.com/six-cities/static/hotel/2.jpg",
          "https://htmlacademy-react-2.appspot.com/six-cities/static/hotel/7.jpg",
          "https://htmlacademy-react-2.appspot.com/six-cities/static/hotel/20.jpg",
          "https://htmlacademy-react-2.appspot.com/six-cities/static/hotel/4.jpg",
          "https://htmlacademy-react-2.appspot.com/six-cities/static/hotel/16.jpg",
          "https://htmlacademy-react-2.appspot.com/six-cities/static/hotel/19.jpg",
          "https://htmlacademy-react-2.appspot.com/six-cities/static/hotel/17.jpg",
          "https://htmlacademy-react-2.appspot.com/six-cities/static/hotel/9.jpg",
          "https://htmlacademy-react-2.appspot.com/six-cities/static/hotel/18.jpg",
        ],
        "isFavorite": false,
        "isPremium": true,
        "location": Object {
          "latitude": 52.370540000000005,
          "longitude": 4.9099759999999995,
          "zoom": 16,
        },
        "maxAdults": 1,
        "previewImage": "https://htmlacademy-react-2.appspot.com/six-cities/static/hotel/5.jpg",
        "price": 298,
        "rating": 4.6,
        "title": "Loft Studio in the Central Area",
        "type": "room",
      }
    }
    onAddFavorite={[Function]}
    onCardHoverIn={[Function]}
    onCardHoverOut={[Function]}
  />
  <OfferCard
    key="64"
    listIndex={12}
    offer={
      Object {
        "bedrooms": 3,
        "city": Object {
          "location": Object {
            "latitude": 52.37454,
            "longitude": 4.897976,
            "zoom": 13,
          },
          "name": "Amsterdam",
        },
        "description": "This is a place for dreamers to reset, reflect, and create. Designed with a 'slow' pace in mind, our hope is that you enjoy every part of your stay; from making local coffee by drip in the morning, choosing the perfect record to put on as the sun sets.",
        "goods": Array [
          "Laptop friendly workspace",
          "Air conditioning",
          "Towels",
          "Fridge",
          "Baby seat",
          "Breakfast",
          "Washer",
          "Dishwasher",
        ],
        "host": Object {
          "avatarUrl": "img/avatar-angelina.jpg",
          "id": 25,
          "isPro": true,
          "name": "Angelina",
        },
        "id": 64,
        "images": Array [
          "https://htmlacademy-react-2.appspot.com/six-cities/static/hotel/5.jpg",
          "https://htmlacademy-react-2.appspot.com/six-cities/static/hotel/17.jpg",
          "https://htmlacademy-react-2.appspot.com/six-cities/static/hotel/9.jpg",
          "https://htmlacademy-react-2.appspot.com/six-cities/static/hotel/1.jpg",
          "https://htmlacademy-react-2.appspot.com/six-cities/static/hotel/2.jpg",
          "https://htmlacademy-react-2.appspot.com/six-cities/static/hotel/14.jpg",
          "https://htmlacademy-react-2.appspot.com/six-cities/static/hotel/4.jpg",
          "https://htmlacademy-react-2.appspot.com/six-cities/static/hotel/20.jpg",
          "https://htmlacademy-react-2.appspot.com/six-cities/static/hotel/19.jpg",
          "https://htmlacademy-react-2.appspot.com/six-cities/static/hotel/7.jpg",
          "https://htmlacademy-react-2.appspot.com/six-cities/static/hotel/10.jpg",
          "https://htmlacademy-react-2.appspot.com/six-cities/static/hotel/3.jpg",
          "https://htmlacademy-react-2.appspot.com/six-cities/static/hotel/6.jpg",
          "https://htmlacademy-react-2.appspot.com/six-cities/static/hotel/11.jpg",
        ],
        "isFavorite": false,
        "isPremium": false,
        "location": Object {
          "latitude": 52.36354,
          "longitude": 4.911976,
          "zoom": 16,
        },
        "maxAdults": 4,
        "previewImage": "https://htmlacademy-react-2.appspot.com/six-cities/static/hotel/8.jpg",
        "price": 481,
        "rating": 3.9,
        "title": "Tile House",
        "type": "apartment",
      }
    }
    onAddFavorite={[Function]}
    onCardHoverIn={[Function]}
    onCardHoverOut={[Function]}
  />
  <OfferCard
    key="77"
    listIndex={13}
    offer={
      Object {
        "bedrooms": 1,
        "city": Object {
          "location": Object {
            "latitude": 52.37454,
            "longitude": 4.897976,
            "zoom": 13,
          },
          "name": "Amsterdam",
        },
        "description": "A new spacious villa, one floor. All commodities, jacuzzi and beautiful scenery. Ideal for families or friends.",
        "goods": Array [
          "Air conditioning",
          "Coffee machine",
          "Towels",
          "Fridge",
          "Washing machine",
          "Baby seat",
          "Washer",
          "Breakfast",
          "Laptop friendly workspace",
          "Dishwasher",
        ],
        "host": Object {
          "avatarUrl": "img/avatar-angelina.jpg",
          "id": 25,
          "isPro": true,
          "name": "Angelina",
        },
        "id": 77,
        "images": Array [
          "https://htmlacademy-react-2.appspot.com/six-cities/static/hotel/18.jpg",
          "https://htmlacademy-react-2.appspot.com/six-cities/static/hotel/19.jpg",
          "https://htmlacademy-react-2.appspot.com/six-cities/static/hotel/12.jpg",
          "https://htmlacademy-react-2.appspot.com/six-cities/static/hotel/1.jpg",
          "https://htmlacademy-react-2.appspot.com/six-cities/static/hotel/13.jpg",
          "https://htmlacademy-react-2.appspot.com/six-cities/static/hotel/3.jpg",
          "https://htmlacademy-react-2.appspot.com/six-cities/static/hotel/14.jpg",
          "https://htmlacademy-react-2.appspot.com/six-cities/static/hotel/9.jpg",
          "https://htmlacademy-react-2.appspot.com/six-cities/static/hotel/7.jpg",
          "https://htmlacademy-react-2.appspot.com/six-cities/static/hotel/6.jpg",
          "https://htmlacademy-react-2.appspot.com/six-cities/static/hotel/8.jpg",
          "https://htmlacademy-react-2.appspot.com/six-cities/static/hotel/2.jpg",
          "https://htmlacademy-react-2.appspot.com/six-cities/static/hotel/11.jpg",
          "https://htmlacademy-react-2.appspot.com/six-cities/static/hotel/10.jpg",
        ],
        "isFavorite": false,
        "isPremium": true,
        "location": Object {
          "latitude": 52.37154,
          "longitude": 4.889976,
          "zoom": 16,
        },
        "maxAdults": 1,
        "previewImage": "https://htmlacademy-react-2.appspot.com/six-cities/static/hotel/4.jpg",
        "price": 140,
        "rating": 2.9,
        "title": "Canal View Prinsengracht",
        "type": "room",
      }
    }
    onAddFavorite={[Function]}
    onCardHoverIn={[Function]}
    onCardHoverOut={[Function]}
  />
  <OfferCard
    key="78"
    listIndex={14}
    offer={
      Object {
        "bedrooms": 5,
        "city": Object {
          "location": Object {
            "latitude": 52.37454,
            "longitude": 4.897976,
            "zoom": 13,
          },
          "name": "Amsterdam",
        },
        "description": "Discover daily local life in city center, friendly neighborhood, clandestine casino, karaoke, old-style artisans, art gallery and artist studio downstairs.",
        "goods": Array [
          "Air conditioning",
          "Towels",
          "Fridge",
          "Baby seat",
          "Washer",
          "Dishwasher",
          "Breakfast",
          "Laptop friendly workspace",
        ],
        "host": Object {
          "avatarUrl": "img/avatar-angelina.jpg",
          "id": 25,
          "isPro": true,
          "name": "Angelina",
        },
        "id": 78,
        "images": Array [
          "https://htmlacademy-react-2.appspot.com/six-cities/static/hotel/4.jpg",
          "https://htmlacademy-react-2.appspot.com/six-cities/static/hotel/20.jpg",
          "https://htmlacademy-react-2.appspot.com/six-cities/static/hotel/6.jpg",
          "https://htmlacademy-react-2.appspot.com/six-cities/static/hotel/19.jpg",
          "https://htmlacademy-react-2.appspot.com/six-cities/static/hotel/16.jpg",
          "https://htmlacademy-react-2.appspot.com/six-cities/static/hotel/17.jpg",
          "https://htmlacademy-react-2.appspot.com/six-cities/static/hotel/7.jpg",
          "https://htmlacademy-react-2.appspot.com/six-cities/static/hotel/8.jpg",
          "https://htmlacademy-react-2.appspot.com/six-cities/static/hotel/5.jpg",
          "https://htmlacademy-react-2.appspot.com/six-cities/static/hotel/3.jpg",
          "https://htmlacademy-react-2.appspot.com/six-cities/static/hotel/10.jpg",
          "https://htmlacademy-react-2.appspot.com/six-cities/static/hotel/13.jpg",
          "https://htmlacademy-react-2.appspot.com/six-cities/static/hotel/11.jpg",
          "https://htmlacademy-react-2.appspot.com/six-cities/static/hotel/14.jpg",
        ],
        "isFavorite": false,
        "isPremium": false,
        "location": Object {
          "latitude": 52.385540000000006,
          "longitude": 4.886976,
          "zoom": 16,
        },
        "maxAdults": 5,
        "previewImage": "https://htmlacademy-react-2.appspot.com/six-cities/static/hotel/11.jpg",
        "price": 208,
        "rating": 4,
        "title": "Wood and stone place",
        "type": "apartment",
      }
    }
    onAddFavorite={[Function]}
    onCardHoverIn={[Function]}
    onCardHoverOut={[Function]}
  />
</div>
`;
