// Jest Snapshot v1, https://goo.gl/fbAQLP

exports[`ReviewsList renders correctly 1`] = `
<ul
  className="reviews__list"
>
  <ReviewsItem
    key="2"
    review={
      Object {
        "comment": "I stayed here for one night and it was an unpleasant experience.",
        "date": "2019-12-02T13:10:30.195Z",
        "id": 2,
        "rating": 2,
        "user": Object {
          "avatarUrl": "https://htmlacademy-react-2.appspot.com/six-cities/static/avatar/2.jpg",
          "id": 11,
          "isPro": false,
          "name": "Jack",
        },
      }
    }
  />
  <ReviewsItem
    key="1"
    review={
      Object {
        "comment": "The deluxe room was a quite comfortable one with all the adequate facilities. The only thing that made me feel uncomfortable was the rude behavior of an impolite staff at the reception desk.",
        "date": "2019-12-02T13:10:30.195Z",
        "id": 1,
        "rating": 3,
        "user": Object {
          "avatarUrl": "https://htmlacademy-react-2.appspot.com/six-cities/static/avatar/10.jpg",
          "id": 19,
          "isPro": false,
          "name": "Christina",
        },
      }
    }
  />
</ul>
`;
