// Jest Snapshot v1, https://goo.gl/fbAQLP

exports[`ReviewsList renders correctly 1`] = `
<ul
  className="reviews__list"
>
  <ReviewsItem
    avatar=""
    key="1"
    review={
      Object {
        "avatar": "img/avatar-max.jpg",
        "dateString": "April 2019",
        "dateTime": "2019-04-24",
        "id": 1,
        "message": "A quiet cozy and picturesque that hides behind a a river by the unique lightness of Amsterdam.
              The building is green and from 18th century.",
        "rating": 4.9,
        "userName": "Max",
      }
    }
  />
  <ReviewsItem
    avatar=""
    key="2"
    review={
      Object {
        "avatar": "img/avatar-angelina.jpg",
        "dateString": "Mart 2019",
        "dateTime": "2019-03-20",
        "id": 2,
        "message": "A quiet cozy and picturesque that hides behind a a river by the unique lightness of Amsterdam.
              The building is green and from 18th century.",
        "rating": 4.5,
        "userName": "Dasha",
      }
    }
  />
</ul>
`;
