// Jest Snapshot v1, https://goo.gl/fbAQLP

exports[`FavoritesEmptyPage rendres correctly 1`] = `
<div
  className="page page--favorites-empty"
>
  <PageHeader
    user={
      Object {
        "avatarUrl": "/static/avatar/4.jpg",
        "email": "user@gmail.com",
        "id": 1,
        "isPro": false,
        "name": "user",
      }
    }
  />
  <main
    className="page__main page__main--favorites page__main--favorites-empty"
  >
    <div
      className="page__favorites-container container"
    >
      <section
        className="favorites favorites--empty"
      >
        <h1
          className="visually-hidden"
        >
          Favorites (empty)
        </h1>
        <div
          className="favorites__status-wrapper"
        >
          <b
            className="favorites__status"
          >
            Nothing yet saved.
          </b>
          <p
            className="favorites__status-description"
          >
            Save properties to narrow down search or plan yor future trips.
          </p>
        </div>
      </section>
    </div>
  </main>
</div>
`;
